// Jest Snapshot v1, https://goo.gl/fbAQLP

exports[`渲染测试 1`] = `
<div
  className="App"
  data-test="app"
  title="test title"
>
  hello world
</div>
`;
